2026-07-24 16:36:11 - config - INFO - PDT Protector: Loaded 0 day trades from the last 7 days.
2026-07-24 16:36:13 - config - INFO - Fetching fresh analyst targets for AMD...
2026-07-24 16:36:14 - config - INFO - [UBS yfinance] AMD target $670.0 is fresh (30d old). Using it.
2026-07-24 16:36:15 - config - INFO - Fetching fresh analyst targets for TSLA...
2026-07-24 16:36:15 - config - INFO - [UBS yfinance] TSLA target $385.0 is fresh (0d old). Using it.
2026-07-24 16:36:15 - config - INFO - Fetching fresh analyst targets for AAPL...
2026-07-24 16:36:16 - config - INFO - [UBS yfinance] AAPL target is stale (83d old). Trying web scrape for fresher data...
2026-07-24 16:36:16 - config - INFO - Attempting UBS web scrape for AAPL...
2026-07-24 16:36:16 - config - INFO - [UBS Scrape] AAPL Target: 296.0 (Date: 2026-04-30)
2026-07-24 16:36:17 - config - INFO - Fetching fresh analyst targets for EGLN.L...
2026-07-24 16:36:17 - config - INFO - Attempting UBS web scrape for EGLN.L...
2026-07-24 16:36:18 - config - INFO - API fetch failed. Using stale fallback for EGLN.L.
2026-07-24 16:36:18 - config - INFO - Fetching fresh analyst targets for ESE.PA...
2026-07-24 16:36:18 - config - INFO - Attempting UBS web scrape for ESE.PA...
2026-07-24 16:36:18 - config - INFO - API fetch failed. Using stale fallback for ESE.PA.
2026-07-24 16:36:19 - config - INFO - Fetching fresh analyst targets for QCOM...
2026-07-24 16:36:19 - config - INFO - [UBS yfinance] QCOM target $235.0 is fresh (28d old). Using it.
2026-07-24 16:36:19 - config - INFO - Fetching fresh analyst targets for TSM...
2026-07-24 16:36:19 - config - INFO - Attempting UBS web scrape for TSM...
2026-07-24 16:36:20 - config - INFO - Fetching fresh analyst targets for MSFT...
2026-07-24 16:36:20 - config - INFO - [UBS yfinance] MSFT target is stale (121d old). Trying web scrape for fresher data...
2026-07-24 16:36:20 - config - INFO - Attempting UBS web scrape for MSFT...
2026-07-24 16:36:21 - config - INFO - [UBS Scrape] MSFT Target: 510.0 (Date: 2026-03-24)
2026-07-24 16:36:21 - config - INFO - Fetching fresh analyst targets for NVDA...
2026-07-24 16:36:21 - config - INFO - [UBS yfinance] NVDA target is stale (63d old). Trying web scrape for fresher data...
2026-07-24 16:36:21 - config - INFO - Attempting UBS web scrape for NVDA...
2026-07-24 16:36:21 - config - INFO - [UBS Scrape] NVDA Target: 280.0 (Date: 2026-05-21)
2026-07-24 16:36:22 - config - INFO - Fetching fresh analyst targets for AMZN...
2026-07-24 16:36:22 - config - INFO - [UBS yfinance] AMZN target is stale (91d old). Trying web scrape for fresher data...
2026-07-24 16:36:22 - config - INFO - Attempting UBS web scrape for AMZN...
2026-07-24 16:36:22 - config - INFO - [UBS Scrape] AMZN Target: 333.0 (Date: 2026-04-30)
2026-07-24 16:36:22 - config - INFO - Fetching fresh analyst targets for GOOG...
2026-07-24 16:36:23 - config - INFO - [UBS yfinance] GOOG target is stale (161d old). Trying web scrape for fresher data...
2026-07-24 16:36:23 - config - INFO - Attempting UBS web scrape for GOOG...
2026-07-24 16:36:23 - config - INFO - [UBS Scrape] GOOG Target: 379.0 (Date: 2026-07-23)
2026-07-24 16:36:24 - config - INFO - Fetching fresh analyst targets for ARM...
2026-07-24 16:36:24 - config - INFO - [UBS yfinance] ARM target $360.0 is fresh (3d old). Using it.
2026-07-24 16:36:24 - config - INFO - Fetching fresh analyst targets for INTC...
2026-07-24 16:36:24 - config - INFO - [UBS yfinance] INTC target $121.0 is fresh (10d old). Using it.
2026-07-24 16:36:25 - config - INFO - Fetching fresh analyst targets for ASML...
2026-07-24 16:36:25 - config - INFO - Attempting UBS web scrape for ASML...
2026-07-24 16:36:25 - config - INFO - [UBS Scrape] ASML Target: 2250.0 (Date: 2026-07-15)
2026-07-24 16:36:26 - config - INFO - Fetching fresh analyst targets for MU...
2026-07-24 16:36:26 - config - INFO - [UBS yfinance] MU target is stale (58d old). Trying web scrape for fresher data...
2026-07-24 16:36:26 - config - INFO - Attempting UBS web scrape for MU...
2026-07-24 16:36:26 - config - INFO - [UBS Scrape] MU Target: 1625.0 (Date: 2026-05-26)
2026-07-24 16:36:27 - config - INFO - Fetching fresh analyst targets for MRNA...
2026-07-24 16:36:27 - config - INFO - [UBS yfinance] MRNA target is stale (80d old). Trying web scrape for fresher data...
2026-07-24 16:36:27 - config - INFO - Attempting UBS web scrape for MRNA...
2026-07-24 16:36:27 - config - INFO - [UBS Scrape] MRNA Target: 45.0 (Date: 2026-05-03)
2026-07-24 16:36:27 - config - INFO - Fetching fresh analyst targets for ABT...
2026-07-24 16:36:28 - config - INFO - [UBS yfinance] ABT target is stale (547d old). Trying web scrape for fresher data...
2026-07-24 16:36:28 - config - INFO - Attempting UBS web scrape for ABT...
2026-07-24 16:36:29 - config - INFO - Fetching fresh analyst targets for BARC.L...
2026-07-24 16:36:29 - config - INFO - Attempting UBS web scrape for BARC.L...
2026-07-24 16:36:30 - config - INFO - [UBS Scrape] BARC.L Target: 590.0 (Date: 2026-07-14)
2026-07-24 16:36:30 - config - INFO - Fetching fresh analyst targets for AIR.PA...
2026-07-24 16:36:31 - config - INFO - Attempting UBS web scrape for AIR.PA...
2026-07-24 16:36:31 - config - INFO - [UBS Scrape] AIR.PA Target: 236.0 (Date: 2026-07-09)
2026-07-24 16:36:31 - config - INFO - Fetching fresh analyst targets for HO.PA...
2026-07-24 16:36:32 - config - INFO - Attempting UBS web scrape for HO.PA...
2026-07-24 16:36:32 - config - INFO - [UBS Scrape] HO.PA Target: 330.0 (Date: 2026-07-09)
2026-07-24 16:36:33 - config - INFO - Fetching fresh analyst targets for SAF.PA...
2026-07-24 16:36:33 - config - INFO - Attempting UBS web scrape for SAF.PA...
2026-07-24 16:36:34 - config - INFO - [UBS Scrape] SAF.PA Target: 360.0 (Date: 2026-07-09)
2026-07-24 16:36:34 - config - INFO - Fetching fresh analyst targets for ORCL...
2026-07-24 16:36:35 - config - INFO - [UBS yfinance] ORCL target is stale (52d old). Trying web scrape for fresher data...
2026-07-24 16:36:35 - config - INFO - Attempting UBS web scrape for ORCL...
2026-07-24 16:36:36 - config - INFO - Fetching fresh analyst targets for AVGO...
2026-07-24 16:36:36 - config - INFO - [UBS yfinance] AVGO target is stale (49d old). Trying web scrape for fresher data...
2026-07-24 16:36:36 - config - INFO - Attempting UBS web scrape for AVGO...
2026-07-24 16:36:36 - config - INFO - Fetching fresh analyst targets for JPM...
2026-07-24 16:36:36 - config - INFO - [UBS yfinance] JPM target $384.0 is fresh (17d old). Using it.
2026-07-24 16:36:37 - config - INFO - Fetching fresh analyst targets for IBKR...
2026-07-24 16:36:37 - config - INFO - [UBS yfinance] IBKR target is stale (458d old). Trying web scrape for fresher data...
2026-07-24 16:36:37 - config - INFO - Attempting UBS web scrape for IBKR...
2026-07-24 16:36:38 - config - INFO - Fetching fresh analyst targets for DVA...
2026-07-24 16:36:38 - config - INFO - [UBS yfinance] DVA target $270.0 is fresh (13d old). Using it.
2026-07-24 16:36:39 - config - INFO - Fetching fresh analyst targets for VRT...
2026-07-24 16:36:39 - config - INFO - [UBS yfinance] VRT target is stale (273d old). Trying web scrape for fresher data...
2026-07-24 16:36:39 - config - INFO - Attempting UBS web scrape for VRT...
2026-07-24 16:36:39 - config - INFO - Fetching fresh analyst targets for EBAY...
2026-07-24 16:36:39 - config - INFO - [UBS yfinance] EBAY target is stale (87d old). Trying web scrape for fresher data...
2026-07-24 16:36:39 - config - INFO - Attempting UBS web scrape for EBAY...
2026-07-24 16:36:40 - config - INFO - Fetching fresh analyst targets for DELL...
2026-07-24 16:36:40 - config - INFO - [UBS yfinance] DELL target is stale (74d old). Trying web scrape for fresher data...
2026-07-24 16:36:40 - config - INFO - Attempting UBS web scrape for DELL...
2026-07-24 16:36:41 - config - WARNING - Insufficient data for SPCX: 29 rows
2026-07-24 16:36:41 - config - INFO - Fetching fresh analyst targets for SPCX...
2026-07-24 16:36:41 - config - INFO - [UBS yfinance] SPCX target $210.0 is fresh (17d old). Using it.
2026-07-24 16:36:41 - config - INFO - Fetching fresh analyst targets for META...
2026-07-24 16:36:41 - config - INFO - [UBS yfinance] META target is stale (722d old). Trying web scrape for fresher data...
2026-07-24 16:36:41 - config - INFO - Attempting UBS web scrape for META...
2026-07-24 16:36:41 - config - INFO - [UBS Scrape] META Target: 766.0 (Date: 2026-07-13)
2026-07-24 16:36:42 - config - INFO - Fetching fresh analyst targets for LLY...
2026-07-24 16:36:42 - config - INFO - [UBS yfinance] LLY target $1425.0 is fresh (10d old). Using it.
2026-07-24 16:36:43 - config - INFO - Fetching fresh analyst targets for V...
2026-07-24 16:36:43 - config - INFO - [UBS yfinance] V target is stale (85d old). Trying web scrape for fresher data...
2026-07-24 16:36:43 - config - INFO - Attempting UBS web scrape for V...
2026-07-24 16:36:43 - config - INFO - Fetching fresh analyst targets for UNH...
2026-07-24 16:36:43 - config - INFO - [UBS yfinance] UNH target $490.0 is fresh (7d old). Using it.
2026-07-24 16:36:44 - config - INFO - Fetching fresh analyst targets for WMT...
2026-07-24 16:36:44 - config - INFO - [UBS yfinance] WMT target is stale (62d old). Trying web scrape for fresher data...
2026-07-24 16:36:44 - config - INFO - Attempting UBS web scrape for WMT...
2026-07-24 16:36:45 - config - INFO - [UBS Scrape] WMT Target: 141.0 (Date: 2026-05-21)
2026-07-24 16:36:45 - config - INFO - Fetching fresh analyst targets for JNJ...
2026-07-24 16:36:45 - config - INFO - [UBS yfinance] JNJ target is stale (283d old). Trying web scrape for fresher data...
2026-07-24 16:36:45 - config - INFO - Attempting UBS web scrape for JNJ...
2026-07-24 16:36:45 - config - INFO - [UBS Scrape] JNJ Target: 280.0 (Date: 2026-03-16)
2026-07-24 16:36:46 - config - INFO - Fetching fresh analyst targets for MA...
2026-07-24 16:36:46 - config - INFO - [UBS yfinance] MA target is stale (83d old). Trying web scrape for fresher data...
2026-07-24 16:36:46 - config - INFO - Attempting UBS web scrape for MA...
2026-07-24 16:36:47 - config - INFO - Fetching fresh analyst targets for XOM...
2026-07-24 16:36:47 - config - INFO - [UBS yfinance] XOM target is stale (80d old). Trying web scrape for fresher data...
2026-07-24 16:36:47 - config - INFO - Attempting UBS web scrape for XOM...
2026-07-24 16:36:48 - config - INFO - Fetching fresh analyst targets for COST...
2026-07-24 16:36:48 - config - INFO - [UBS yfinance] COST target is stale (64d old). Trying web scrape for fresher data...
2026-07-24 16:36:48 - config - INFO - Attempting UBS web scrape for COST...
2026-07-24 16:36:48 - config - INFO - Fetching fresh analyst targets for MRK...
2026-07-24 16:36:48 - config - INFO - [UBS yfinance] MRK target is stale (101d old). Trying web scrape for fresher data...
2026-07-24 16:36:48 - config - INFO - Attempting UBS web scrape for MRK...
2026-07-24 16:36:49 - config - INFO - Fetching fresh analyst targets for ABBV...
2026-07-24 16:36:49 - config - INFO - [UBS yfinance] ABBV target $260.0 is fresh (10d old). Using it.
2026-07-24 16:36:50 - config - INFO - Fetching fresh analyst targets for CVX...
2026-07-24 16:36:50 - config - INFO - [UBS yfinance] CVX target is stale (80d old). Trying web scrape for fresher data...
2026-07-24 16:36:50 - config - INFO - Attempting UBS web scrape for CVX...
2026-07-24 16:36:51 - config - INFO - Fetching fresh analyst targets for BAC...
2026-07-24 16:36:51 - config - INFO - [UBS yfinance] BAC target $68.0 is fresh (17d old). Using it.
2026-07-24 16:36:51 - config - INFO - Fetching fresh analyst targets for KO...
2026-07-24 16:36:52 - config - INFO - [UBS yfinance] KO target $98.0 is fresh (7d old). Using it.
2026-07-24 16:36:52 - config - INFO - Fetching fresh analyst targets for NFLX...
2026-07-24 16:36:52 - config - INFO - [UBS yfinance] NFLX target $115.0 is fresh (7d old). Using it.
2026-07-24 16:36:53 - config - INFO - Fetching fresh analyst targets for TMO...
2026-07-24 16:36:53 - config - INFO - [UBS yfinance] TMO target is stale (273d old). Trying web scrape for fresher data...
2026-07-24 16:36:53 - config - INFO - Attempting UBS web scrape for TMO...
2026-07-24 16:36:53 - config - INFO - [UBS Scrape] TMO Target: 540.0 (Date: 2026-04-23)
2026-07-24 16:36:54 - config - INFO - Fetching fresh analyst targets for MCD...
2026-07-24 16:36:54 - config - INFO - [UBS yfinance] MCD target is stale (161d old). Trying web scrape for fresher data...
2026-07-24 16:36:54 - config - INFO - Attempting UBS web scrape for MCD...
2026-07-24 16:36:55 - config - INFO - Fetching fresh analyst targets for CSCO...
2026-07-24 16:36:55 - config - INFO - [UBS yfinance] CSCO target is stale (70d old). Trying web scrape for fresher data...
2026-07-24 16:36:55 - config - INFO - Attempting UBS web scrape for CSCO...
2026-07-24 16:36:55 - config - INFO - [UBS Scrape] CSCO Target: 132.0 (Date: 2026-05-13)
2026-07-24 16:36:56 - config - INFO - Fetching fresh analyst targets for WFC...
2026-07-24 16:36:56 - config - INFO - [UBS yfinance] WFC target $104.0 is fresh (17d old). Using it.
2026-07-24 16:36:57 - config - INFO - Fetching fresh analyst targets for IBM...
2026-07-24 16:36:57 - config - INFO - [UBS yfinance] IBM target is stale (149d old). Trying web scrape for fresher data...
2026-07-24 16:36:57 - config - INFO - Attempting UBS web scrape for IBM...
2026-07-24 16:36:57 - config - INFO - Fetching fresh analyst targets for AMGN...
2026-07-24 16:36:57 - config - INFO - [UBS yfinance] AMGN target $420.0 is fresh (10d old). Using it.
2026-07-24 16:36:59 - config - INFO - Fetching fresh analyst targets for GE...
2026-07-24 16:36:59 - config - INFO - [UBS yfinance] GE target $435.0 is fresh (7d old). Using it.
2026-07-24 16:36:59 - config - INFO - Fetching fresh analyst targets for TXN...
2026-07-24 16:36:59 - config - INFO - [UBS yfinance] TXN target $350.0 is fresh (24d old). Using it.
2026-07-24 16:37:00 - config - INFO - Fetching fresh analyst targets for ISRG...
2026-07-24 16:37:00 - config - INFO - [UBS yfinance] ISRG target is stale (129d old). Trying web scrape for fresher data...
2026-07-24 16:37:00 - config - INFO - Attempting UBS web scrape for ISRG...
2026-07-24 16:37:00 - config - INFO - [UBS Scrape] ISRG Target: 550.0 (Date: 2026-03-16)
2026-07-24 16:37:01 - config - INFO - Fetching fresh analyst targets for PFE...
2026-07-24 16:37:01 - config - INFO - [UBS yfinance] PFE target is stale (101d old). Trying web scrape for fresher data...
2026-07-24 16:37:01 - config - INFO - Attempting UBS web scrape for PFE...
2026-07-24 16:37:01 - config - INFO - [UBS Scrape] PFE Target: 27.0 (Date: 2026-04-12)
2026-07-24 16:37:02 - config - INFO - Fetching fresh analyst targets for COP...
2026-07-24 16:37:02 - config - INFO - [UBS yfinance] COP target $143.0 is fresh (15d old). Using it.
2026-07-24 16:37:03 - config - INFO - Fetching fresh analyst targets for ALB...
2026-07-24 16:37:03 - config - INFO - [UBS yfinance] ALB target is stale (76d old). Trying web scrape for fresher data...
2026-07-24 16:37:03 - config - INFO - Attempting UBS web scrape for ALB...
2026-07-24 16:37:04 - config - INFO - Fetching fresh analyst targets for BSX...
2026-07-24 16:37:04 - config - INFO - [UBS yfinance] BSX target is stale (129d old). Trying web scrape for fresher data...
2026-07-24 16:37:04 - config - INFO - Attempting UBS web scrape for BSX...
2026-07-24 16:37:04 - config - INFO - Fetching fresh analyst targets for APP...
2026-07-24 16:37:04 - config - INFO - [UBS yfinance] APP target is stale (77d old). Trying web scrape for fresher data...
2026-07-24 16:37:04 - config - INFO - Attempting UBS web scrape for APP...
2026-07-24 16:37:04 - config - INFO - [UBS Scrape] APP Target: 750.0 (Date: 2026-05-07)
2026-07-24 16:37:05 - config - INFO - Fetching fresh analyst targets for HAL...
2026-07-24 16:37:06 - config - INFO - [UBS yfinance] HAL target $40.0 is fresh (22d old). Using it.
2026-07-24 16:37:06 - config - INFO - Fetching fresh analyst targets for FLEX...
2026-07-24 16:37:06 - config - INFO - [UBS yfinance] FLEX target is stale (3191d old). Trying web scrape for fresher data...
2026-07-24 16:37:06 - config - INFO - Attempting UBS web scrape for FLEX...
2026-07-24 16:37:07 - config - INFO - Fetching fresh analyst targets for CVNA...
2026-07-24 16:37:07 - config - INFO - [UBS yfinance] CVNA target is stale (84d old). Trying web scrape for fresher data...
2026-07-24 16:37:07 - config - INFO - Attempting UBS web scrape for CVNA...
2026-07-24 16:37:08 - config - INFO - Fetching fresh analyst targets for ADSK...
2026-07-24 16:37:08 - config - INFO - [UBS yfinance] ADSK target is stale (150d old). Trying web scrape for fresher data...
2026-07-24 16:37:08 - config - INFO - Attempting UBS web scrape for ADSK...
2026-07-24 16:37:09 - config - INFO - Fetching fresh analyst targets for KKR...
2026-07-24 16:37:09 - config - INFO - [UBS yfinance] KKR target is stale (78d old). Trying web scrape for fresher data...
2026-07-24 16:37:09 - config - INFO - Attempting UBS web scrape for KKR...
2026-07-24 16:37:09 - config - INFO - Fetching fresh analyst targets for CIEN...
2026-07-24 16:37:10 - config - INFO - [UBS yfinance] CIEN target is stale (48d old). Trying web scrape for fresher data...
2026-07-24 16:37:10 - config - INFO - Attempting UBS web scrape for CIEN...
2026-07-24 16:37:10 - config - INFO - Fetching fresh analyst targets for DECK...
2026-07-24 16:37:11 - config - INFO - [UBS yfinance] DECK target is stale (62d old). Trying web scrape for fresher data...
2026-07-24 16:37:11 - config - INFO - Attempting UBS web scrape for DECK...
2026-07-24 16:37:29 - config - INFO - Fetching fresh analyst targets for AMD...
2026-07-24 16:37:29 - config - INFO - [UBS yfinance] AMD target $670.0 is fresh (30d old). Using it.
2026-07-24 16:37:30 - config - INFO - Fetching fresh analyst targets for TSLA...
2026-07-24 16:37:31 - config - INFO - [UBS yfinance] TSLA target $385.0 is fresh (0d old). Using it.
2026-07-24 16:37:31 - config - INFO - Fetching fresh analyst targets for AAPL...
2026-07-24 16:37:31 - config - INFO - [UBS yfinance] AAPL target is stale (83d old). Trying web scrape for fresher data...
2026-07-24 16:37:31 - config - INFO - Attempting UBS web scrape for AAPL...
2026-07-24 16:37:31 - config - INFO - [UBS Scrape] AAPL Target: 296.0 (Date: 2026-04-30)
2026-07-24 16:37:32 - config - INFO - Fetching fresh analyst targets for EGLN.L...
2026-07-24 16:37:32 - config - INFO - Attempting UBS web scrape for EGLN.L...
2026-07-24 16:37:33 - config - INFO - API fetch failed. Using stale fallback for EGLN.L.
2026-07-24 16:37:33 - config - INFO - Fetching fresh analyst targets for ESE.PA...
2026-07-24 16:37:34 - config - INFO - Attempting UBS web scrape for ESE.PA...
2026-07-24 16:37:34 - config - INFO - API fetch failed. Using stale fallback for ESE.PA.
2026-07-24 16:37:34 - config - INFO - Fetching fresh analyst targets for QCOM...
2026-07-24 16:37:34 - config - INFO - [UBS yfinance] QCOM target $235.0 is fresh (28d old). Using it.
2026-07-24 16:37:34 - config - INFO - Fetching fresh analyst targets for TSM...
2026-07-24 16:37:34 - config - INFO - Attempting UBS web scrape for TSM...
2026-07-24 16:37:35 - config - INFO - Fetching fresh analyst targets for MSFT...
2026-07-24 16:37:35 - config - INFO - [UBS yfinance] MSFT target is stale (121d old). Trying web scrape for fresher data...
2026-07-24 16:37:35 - config - INFO - Attempting UBS web scrape for MSFT...
2026-07-24 16:37:36 - config - INFO - [UBS Scrape] MSFT Target: 510.0 (Date: 2026-03-24)
2026-07-24 16:37:36 - config - INFO - Fetching fresh analyst targets for NVDA...
2026-07-24 16:37:36 - config - INFO - [UBS yfinance] NVDA target is stale (63d old). Trying web scrape for fresher data...
2026-07-24 16:37:36 - config - INFO - Attempting UBS web scrape for NVDA...
2026-07-24 16:37:36 - config - INFO - [UBS Scrape] NVDA Target: 280.0 (Date: 2026-05-21)
2026-07-24 16:37:37 - config - INFO - Fetching fresh analyst targets for AMZN...
2026-07-24 16:37:37 - config - INFO - [UBS yfinance] AMZN target is stale (91d old). Trying web scrape for fresher data...
2026-07-24 16:37:37 - config - INFO - Attempting UBS web scrape for AMZN...
2026-07-24 16:37:37 - config - INFO - [UBS Scrape] AMZN Target: 333.0 (Date: 2026-04-30)
2026-07-24 16:37:37 - config - INFO - Fetching fresh analyst targets for GOOG...
2026-07-24 16:37:38 - config - INFO - [UBS yfinance] GOOG target is stale (161d old). Trying web scrape for fresher data...
2026-07-24 16:37:38 - config - INFO - Attempting UBS web scrape for GOOG...
2026-07-24 16:37:38 - config - INFO - [UBS Scrape] GOOG Target: 379.0 (Date: 2026-07-23)
2026-07-24 16:37:38 - config - INFO - Fetching fresh analyst targets for ARM...
2026-07-24 16:37:39 - config - INFO - [UBS yfinance] ARM target $360.0 is fresh (3d old). Using it.
2026-07-24 16:37:39 - config - INFO - Fetching fresh analyst targets for INTC...
2026-07-24 16:37:39 - config - INFO - [UBS yfinance] INTC target $121.0 is fresh (10d old). Using it.
2026-07-24 16:37:40 - config - INFO - Fetching fresh analyst targets for ASML...
2026-07-24 16:37:40 - config - INFO - Attempting UBS web scrape for ASML...
2026-07-24 16:37:40 - config - INFO - [UBS Scrape] ASML Target: 2250.0 (Date: 2026-07-15)
2026-07-24 16:37:40 - config - INFO - Fetching fresh analyst targets for MU...
2026-07-24 16:37:40 - config - INFO - [UBS yfinance] MU target is stale (58d old). Trying web scrape for fresher data...
2026-07-24 16:37:40 - config - INFO - Attempting UBS web scrape for MU...
2026-07-24 16:37:41 - config - INFO - [UBS Scrape] MU Target: 1625.0 (Date: 2026-05-26)
2026-07-24 16:37:41 - config - INFO - Fetching fresh analyst targets for MRNA...
2026-07-24 16:37:41 - config - INFO - [UBS yfinance] MRNA target is stale (80d old). Trying web scrape for fresher data...
2026-07-24 16:37:41 - config - INFO - Attempting UBS web scrape for MRNA...
2026-07-24 16:37:41 - config - INFO - [UBS Scrape] MRNA Target: 45.0 (Date: 2026-05-03)
2026-07-24 16:37:42 - config - INFO - Fetching fresh analyst targets for ABT...
2026-07-24 16:37:42 - config - INFO - [UBS yfinance] ABT target is stale (547d old). Trying web scrape for fresher data...
2026-07-24 16:37:42 - config - INFO - Attempting UBS web scrape for ABT...
2026-07-24 16:37:43 - config - INFO - Fetching fresh analyst targets for BARC.L...
2026-07-24 16:37:43 - config - INFO - Attempting UBS web scrape for BARC.L...
2026-07-24 16:37:43 - config - INFO - [UBS Scrape] BARC.L Target: 590.0 (Date: 2026-07-14)
2026-07-24 16:37:44 - config - INFO - Fetching fresh analyst targets for AIR.PA...
2026-07-24 16:37:44 - config - INFO - Attempting UBS web scrape for AIR.PA...
2026-07-24 16:37:45 - config - INFO - [UBS Scrape] AIR.PA Target: 236.0 (Date: 2026-07-09)
2026-07-24 16:37:45 - config - INFO - Fetching fresh analyst targets for HO.PA...
2026-07-24 16:37:46 - config - INFO - Attempting UBS web scrape for HO.PA...
2026-07-24 16:37:46 - config - INFO - [UBS Scrape] HO.PA Target: 330.0 (Date: 2026-07-09)
2026-07-24 16:37:46 - config - INFO - Fetching fresh analyst targets for SAF.PA...
2026-07-24 16:37:47 - config - INFO - Attempting UBS web scrape for SAF.PA...
2026-07-24 16:37:47 - config - INFO - [UBS Scrape] SAF.PA Target: 360.0 (Date: 2026-07-09)
2026-07-24 16:37:48 - config - INFO - Fetching fresh analyst targets for ORCL...
2026-07-24 16:37:48 - config - INFO - [UBS yfinance] ORCL target is stale (52d old). Trying web scrape for fresher data...
2026-07-24 16:37:48 - config - INFO - Attempting UBS web scrape for ORCL...
2026-07-24 16:37:48 - config - INFO - Fetching fresh analyst targets for AVGO...
2026-07-24 16:37:48 - config - INFO - [UBS yfinance] AVGO target is stale (49d old). Trying web scrape for fresher data...
2026-07-24 16:37:48 - config - INFO - Attempting UBS web scrape for AVGO...
2026-07-24 16:37:49 - config - INFO - Fetching fresh analyst targets for JPM...
2026-07-24 16:37:49 - config - INFO - [UBS yfinance] JPM target $384.0 is fresh (17d old). Using it.
2026-07-24 16:37:50 - config - INFO - Fetching fresh analyst targets for IBKR...
2026-07-24 16:37:50 - config - INFO - [UBS yfinance] IBKR target is stale (458d old). Trying web scrape for fresher data...
2026-07-24 16:37:50 - config - INFO - Attempting UBS web scrape for IBKR...
2026-07-24 16:37:51 - config - INFO - Fetching fresh analyst targets for DVA...
2026-07-24 16:37:51 - config - INFO - [UBS yfinance] DVA target $270.0 is fresh (13d old). Using it.
2026-07-24 16:37:51 - config - INFO - Fetching fresh analyst targets for VRT...
2026-07-24 16:37:51 - config - INFO - [UBS yfinance] VRT target is stale (273d old). Trying web scrape for fresher data...
2026-07-24 16:37:51 - config - INFO - Attempting UBS web scrape for VRT...
2026-07-24 16:37:52 - config - INFO - Fetching fresh analyst targets for EBAY...
2026-07-24 16:37:52 - config - INFO - [UBS yfinance] EBAY target is stale (87d old). Trying web scrape for fresher data...
2026-07-24 16:37:52 - config - INFO - Attempting UBS web scrape for EBAY...
2026-07-24 16:37:52 - config - INFO - Fetching fresh analyst targets for DELL...
2026-07-24 16:37:52 - config - INFO - [UBS yfinance] DELL target is stale (74d old). Trying web scrape for fresher data...
2026-07-24 16:37:52 - config - INFO - Attempting UBS web scrape for DELL...
2026-07-24 16:37:53 - config - WARNING - Insufficient data for SPCX: 29 rows
2026-07-24 16:37:53 - config - INFO - Fetching fresh analyst targets for SPCX...
2026-07-24 16:37:53 - config - INFO - [UBS yfinance] SPCX target $210.0 is fresh (17d old). Using it.
2026-07-24 16:37:53 - config - INFO - Fetching fresh analyst targets for META...
2026-07-24 16:37:53 - config - INFO - [UBS yfinance] META target is stale (722d old). Trying web scrape for fresher data...
2026-07-24 16:37:53 - config - INFO - Attempting UBS web scrape for META...
2026-07-24 16:37:54 - config - INFO - [UBS Scrape] META Target: 766.0 (Date: 2026-07-13)
2026-07-24 16:37:54 - config - INFO - Fetching fresh analyst targets for LLY...
2026-07-24 16:37:54 - config - INFO - [UBS yfinance] LLY target $1425.0 is fresh (10d old). Using it.
2026-07-24 16:37:55 - config - INFO - Fetching fresh analyst targets for V...
2026-07-24 16:37:55 - config - INFO - [UBS yfinance] V target is stale (85d old). Trying web scrape for fresher data...
2026-07-24 16:37:55 - config - INFO - Attempting UBS web scrape for V...
2026-07-24 16:37:55 - config - INFO - Fetching fresh analyst targets for UNH...
2026-07-24 16:37:56 - config - INFO - [UBS yfinance] UNH target $490.0 is fresh (7d old). Using it.
2026-07-24 16:37:56 - config - INFO - Fetching fresh analyst targets for WMT...
2026-07-24 16:37:56 - config - INFO - [UBS yfinance] WMT target is stale (62d old). Trying web scrape for fresher data...
2026-07-24 16:37:56 - config - INFO - Attempting UBS web scrape for WMT...
2026-07-24 16:37:57 - config - INFO - [UBS Scrape] WMT Target: 141.0 (Date: 2026-05-21)
2026-07-24 16:37:57 - config - INFO - Fetching fresh analyst targets for JNJ...
2026-07-24 16:37:57 - config - INFO - [UBS yfinance] JNJ target is stale (283d old). Trying web scrape for fresher data...
2026-07-24 16:37:57 - config - INFO - Attempting UBS web scrape for JNJ...
2026-07-24 16:37:57 - config - INFO - [UBS Scrape] JNJ Target: 280.0 (Date: 2026-03-16)
2026-07-24 16:37:58 - config - INFO - Fetching fresh analyst targets for MA...
2026-07-24 16:37:58 - config - INFO - [UBS yfinance] MA target is stale (83d old). Trying web scrape for fresher data...
2026-07-24 16:37:58 - config - INFO - Attempting UBS web scrape for MA...
2026-07-24 16:37:58 - config - INFO - Fetching fresh analyst targets for XOM...
2026-07-24 16:37:59 - config - INFO - [UBS yfinance] XOM target is stale (80d old). Trying web scrape for fresher data...
2026-07-24 16:37:59 - config - INFO - Attempting UBS web scrape for XOM...
2026-07-24 16:38:00 - config - INFO - Fetching fresh analyst targets for COST...
2026-07-24 16:38:00 - config - INFO - [UBS yfinance] COST target is stale (64d old). Trying web scrape for fresher data...
2026-07-24 16:38:00 - config - INFO - Attempting UBS web scrape for COST...
2026-07-24 16:38:00 - config - INFO - Fetching fresh analyst targets for MRK...
2026-07-24 16:38:00 - config - INFO - [UBS yfinance] MRK target is stale (101d old). Trying web scrape for fresher data...
2026-07-24 16:38:00 - config - INFO - Attempting UBS web scrape for MRK...
2026-07-24 16:38:01 - config - INFO - Fetching fresh analyst targets for ABBV...
2026-07-24 16:38:01 - config - INFO - [UBS yfinance] ABBV target $260.0 is fresh (10d old). Using it.
2026-07-24 16:38:01 - config - INFO - Fetching fresh analyst targets for CVX...
2026-07-24 16:38:01 - config - INFO - [UBS yfinance] CVX target is stale (80d old). Trying web scrape for fresher data...
2026-07-24 16:38:01 - config - INFO - Attempting UBS web scrape for CVX...
2026-07-24 16:38:02 - config - INFO - Fetching fresh analyst targets for BAC...
2026-07-24 16:38:02 - config - INFO - [UBS yfinance] BAC target $68.0 is fresh (17d old). Using it.
2026-07-24 16:38:03 - config - INFO - Fetching fresh analyst targets for KO...
2026-07-24 16:38:03 - config - INFO - [UBS yfinance] KO target $98.0 is fresh (7d old). Using it.
2026-07-24 16:38:04 - config - INFO - Fetching fresh analyst targets for NFLX...
2026-07-24 16:38:04 - config - INFO - [UBS yfinance] NFLX target $115.0 is fresh (7d old). Using it.
2026-07-24 16:38:04 - config - INFO - Fetching fresh analyst targets for TMO...
2026-07-24 16:38:04 - config - INFO - [UBS yfinance] TMO target is stale (273d old). Trying web scrape for fresher data...
2026-07-24 16:38:04 - config - INFO - Attempting UBS web scrape for TMO...
2026-07-24 16:38:04 - config - INFO - [UBS Scrape] TMO Target: 540.0 (Date: 2026-04-23)
2026-07-24 16:38:05 - config - INFO - Fetching fresh analyst targets for MCD...
2026-07-24 16:38:05 - config - INFO - [UBS yfinance] MCD target is stale (161d old). Trying web scrape for fresher data...
2026-07-24 16:38:05 - config - INFO - Attempting UBS web scrape for MCD...
2026-07-24 16:38:06 - config - INFO - Fetching fresh analyst targets for CSCO...
2026-07-24 16:38:06 - config - INFO - [UBS yfinance] CSCO target is stale (70d old). Trying web scrape for fresher data...
2026-07-24 16:38:06 - config - INFO - Attempting UBS web scrape for CSCO...
2026-07-24 16:38:06 - config - INFO - [UBS Scrape] CSCO Target: 132.0 (Date: 2026-05-13)
2026-07-24 16:38:07 - config - INFO - Fetching fresh analyst targets for WFC...
2026-07-24 16:38:07 - config - INFO - [UBS yfinance] WFC target $104.0 is fresh (17d old). Using it.
2026-07-24 16:38:07 - config - INFO - Fetching fresh analyst targets for IBM...
2026-07-24 16:38:07 - config - INFO - [UBS yfinance] IBM target is stale (149d old). Trying web scrape for fresher data...
2026-07-24 16:38:07 - config - INFO - Attempting UBS web scrape for IBM...
2026-07-24 16:38:08 - config - INFO - Fetching fresh analyst targets for AMGN...
2026-07-24 16:38:08 - config - INFO - [UBS yfinance] AMGN target $420.0 is fresh (10d old). Using it.
2026-07-24 16:38:08 - config - INFO - Fetching fresh analyst targets for GE...
2026-07-24 16:38:09 - config - INFO - [UBS yfinance] GE target $435.0 is fresh (7d old). Using it.
2026-07-24 16:38:10 - config - INFO - Fetching fresh analyst targets for TXN...
2026-07-24 16:38:10 - config - INFO - [UBS yfinance] TXN target $350.0 is fresh (24d old). Using it.
2026-07-24 16:38:10 - config - INFO - Fetching fresh analyst targets for ISRG...
2026-07-24 16:38:10 - config - INFO - [UBS yfinance] ISRG target is stale (129d old). Trying web scrape for fresher data...
2026-07-24 16:38:10 - config - INFO - Attempting UBS web scrape for ISRG...
2026-07-24 16:38:10 - config - INFO - [UBS Scrape] ISRG Target: 550.0 (Date: 2026-03-16)
2026-07-24 16:38:11 - config - INFO - Fetching fresh analyst targets for PFE...
2026-07-24 16:38:11 - config - INFO - [UBS yfinance] PFE target is stale (101d old). Trying web scrape for fresher data...
2026-07-24 16:38:11 - config - INFO - Attempting UBS web scrape for PFE...
2026-07-24 16:38:11 - config - INFO - [UBS Scrape] PFE Target: 27.0 (Date: 2026-04-12)
2026-07-24 16:38:11 - config - INFO - Fetching fresh analyst targets for COP...
2026-07-24 16:38:12 - config - INFO - [UBS yfinance] COP target $143.0 is fresh (15d old). Using it.
2026-07-24 16:38:13 - config - INFO - Fetching fresh analyst targets for ALB...
2026-07-24 16:38:13 - config - INFO - [UBS yfinance] ALB target is stale (76d old). Trying web scrape for fresher data...
2026-07-24 16:38:13 - config - INFO - Attempting UBS web scrape for ALB...
2026-07-24 16:38:13 - config - INFO - Fetching fresh analyst targets for BSX...
2026-07-24 16:38:13 - config - INFO - [UBS yfinance] BSX target is stale (129d old). Trying web scrape for fresher data...
2026-07-24 16:38:13 - config - INFO - Attempting UBS web scrape for BSX...
2026-07-24 16:38:14 - config - INFO - Fetching fresh analyst targets for APP...
2026-07-24 16:38:14 - config - INFO - [UBS yfinance] APP target is stale (77d old). Trying web scrape for fresher data...
2026-07-24 16:38:14 - config - INFO - Attempting UBS web scrape for APP...
2026-07-24 16:38:14 - config - INFO - [UBS Scrape] APP Target: 750.0 (Date: 2026-05-07)
2026-07-24 16:38:14 - config - INFO - Fetching fresh analyst targets for HAL...
2026-07-24 16:38:15 - config - INFO - [UBS yfinance] HAL target $40.0 is fresh (22d old). Using it.
2026-07-24 16:38:15 - config - INFO - Fetching fresh analyst targets for FLEX...
2026-07-24 16:38:16 - config - INFO - [UBS yfinance] FLEX target is stale (3191d old). Trying web scrape for fresher data...
2026-07-24 16:38:16 - config - INFO - Attempting UBS web scrape for FLEX...
2026-07-24 16:38:16 - config - INFO - Fetching fresh analyst targets for CVNA...
2026-07-24 16:38:16 - config - INFO - [UBS yfinance] CVNA target is stale (84d old). Trying web scrape for fresher data...
2026-07-24 16:38:16 - config - INFO - Attempting UBS web scrape for CVNA...
2026-07-24 16:38:17 - config - INFO - Fetching fresh analyst targets for ADSK...
2026-07-24 16:38:17 - config - INFO - [UBS yfinance] ADSK target is stale (150d old). Trying web scrape for fresher data...
2026-07-24 16:38:17 - config - INFO - Attempting UBS web scrape for ADSK...
2026-07-24 16:38:17 - config - INFO - Fetching fresh analyst targets for KKR...
2026-07-24 16:38:18 - config - INFO - [UBS yfinance] KKR target is stale (78d old). Trying web scrape for fresher data...
2026-07-24 16:38:18 - config - INFO - Attempting UBS web scrape for KKR...
2026-07-24 16:38:18 - config - INFO - Fetching fresh analyst targets for CIEN...
2026-07-24 16:38:18 - config - INFO - [UBS yfinance] CIEN target is stale (48d old). Trying web scrape for fresher data...
2026-07-24 16:38:18 - config - INFO - Attempting UBS web scrape for CIEN...
2026-07-24 16:38:19 - config - INFO - Fetching fresh analyst targets for DECK...
2026-07-24 16:38:19 - config - INFO - [UBS yfinance] DECK target is stale (62d old). Trying web scrape for fresher data...
2026-07-24 16:38:19 - config - INFO - Attempting UBS web scrape for DECK...
2026-07-24 16:42:33 - config - WARNING - Insufficient data for SPCX: 29 rows
2026-07-24 16:43:18 - config - INFO - Shutting down application...
